{
	"foo" : [
		"b\nar",
		-10.000000,
		"foo \xF0\x80\x80\x80 - \xED\x80\x80B"
	]
}
